A-B A-C A-G B-C B-F D-E G-H 
A-B A-C A-G B-E B-F C-D G-H 
A-B A-C A-G B-E B-F D-E G-H 
A-B A-C A-G B-E B-F D-G G-H 
A-B A-C A-G B-F C-D D-E G-H 
A-B A-C A-G B-F D-E D-G G-H 
A-B A-C B-C B-E B-F C-D G-H 
A-B A-C B-C B-E B-F D-E G-H 
A-B A-C B-C B-E B-F D-G G-H 
A-B A-C B-C B-F C-D D-E G-H 
A-B A-C B-C B-F D-E D-G G-H 
A-B A-C B-E B-F C-D D-E G-H 
A-B A-C B-E B-F C-D D-G G-H 
A-B A-C B-E B-F D-E D-G G-H 
A-B A-C B-F C-D D-E D-G G-H 
A-B A-G B-C B-E B-F C-D G-H 
A-B A-G B-C B-E B-F D-E G-H 
A-B A-G B-C B-E B-F D-G G-H 
A-B A-G B-C B-F C-D D-E G-H 
A-B A-G B-C B-F D-E D-G G-H 
A-B A-G B-E B-F C-D D-E G-H 
A-B A-G B-E B-F C-D D-G G-H 
A-B A-G B-F C-D D-E D-G G-H 
A-B B-C B-E B-F C-D D-E G-H 
A-B B-C B-E B-F C-D D-G G-H 
A-B B-C B-E B-F D-E D-G G-H 
A-B B-C B-F C-D D-E D-G G-H 
A-B B-E B-F C-D D-E D-G G-H 
A-C A-G B-C B-E B-F C-D G-H 
A-C A-G B-C B-E B-F D-E G-H 
A-C A-G B-C B-E B-F D-G G-H 
A-C A-G B-C B-F C-D D-E G-H 
A-C A-G B-C B-F D-E D-G G-H 
A-C A-G B-E B-F C-D D-E G-H 
A-C A-G B-E B-F C-D D-G G-H 
A-C A-G B-E B-F D-E D-G G-H 
A-C A-G B-F C-D D-E D-G G-H 
A-C B-C B-E B-F C-D D-E G-H 
A-C B-C B-E B-F C-D D-G G-H 
A-C B-C B-E B-F D-E D-G G-H 
A-C B-C B-F C-D D-E D-G G-H 
A-C B-E B-F C-D D-E D-G G-H 
A-G B-C B-E B-F C-D D-E G-H 
A-G B-C B-E B-F C-D D-G G-H 
A-G B-C B-E B-F D-E D-G G-H 
A-G B-C B-F C-D D-E D-G G-H 
A-G B-E B-F C-D D-E D-G G-H 
