A-B A-D B-C B-F D-E 
A-B A-D B-C B-F E-F 
A-B A-D B-C C-D E-F 
A-B A-D B-C C-F D-E 
A-B A-D B-C C-F E-F 
A-B A-D B-C D-E E-F 
A-B A-D B-C D-E F-A 
A-B A-D B-C E-F F-A 
A-B A-D B-F C-D D-E 
A-B A-D B-F C-D E-F 
A-B A-D B-F C-F D-E 
A-B A-D B-F C-F E-F 
A-B A-D C-D C-F D-E 
A-B A-D C-D C-F E-F 
A-B A-D C-D D-E E-F 
A-B A-D C-D D-E F-A 
A-B A-D C-D E-F F-A 
A-B A-D C-F D-E E-F 
A-B A-D C-F D-E F-A 
A-B A-D C-F E-F F-A 
A-B B-C B-F C-D D-E 
A-B B-C B-F C-D E-F 
A-B B-C B-F C-F D-E 
A-B B-C B-F D-E E-F 
A-B B-C B-F D-E F-A 
A-B B-C C-D C-F D-E 
A-B B-C C-D C-F E-F 
A-B B-C C-D D-E E-F 
A-B B-C C-D D-E F-A 
A-B B-C C-D E-F F-A 
A-B B-C C-F D-E E-F 
A-B B-C C-F D-E F-A 
A-B B-C D-E E-F F-A 
A-B B-F C-D C-F D-E 
A-B B-F C-D C-F E-F 
A-B B-F C-D D-E E-F 
A-B B-F C-D D-E F-A 
A-B B-F C-D E-F F-A 
A-B B-F C-F D-E E-F 
A-B B-F C-F D-E F-A 
A-B C-D C-F D-E E-F 
A-B C-D C-F D-E F-A 
A-B C-D C-F E-F F-A 
A-B C-D D-E E-F F-A 
A-B C-F D-E E-F F-A 
A-D B-C B-F C-D D-E 
A-D B-C B-F C-D E-F 
A-D B-C B-F C-F D-E 
A-D B-C B-F C-F E-F 
A-D B-C B-F D-E E-F 
A-D B-C B-F D-E F-A 
A-D B-C B-F E-F F-A 
A-D B-C C-D C-F D-E 
A-D B-C C-D C-F E-F 
A-D B-C C-D D-E E-F 
A-D B-C C-D D-E F-A 
A-D B-C C-D E-F F-A 
A-D B-C C-F D-E E-F 
A-D B-C C-F D-E F-A 
A-D B-C C-F E-F F-A 
A-D B-C D-E E-F F-A 
A-D B-F C-D C-F D-E 
A-D B-F C-D C-F E-F 
A-D B-F C-D D-E E-F 
A-D B-F C-D D-E F-A 
A-D B-F C-D E-F F-A 
A-D B-F C-F D-E E-F 
A-D B-F C-F D-E F-A 
A-D B-F C-F E-F F-A 
B-C B-F C-D D-E F-A 
B-C B-F C-D E-F F-A 
B-C B-F C-F D-E F-A 
B-C B-F D-E E-F F-A 
B-C C-D C-F D-E F-A 
B-C C-D C-F E-F F-A 
B-C C-D D-E E-F F-A 
B-C C-F D-E E-F F-A 
B-F C-D C-F D-E F-A 
B-F C-D C-F E-F F-A 
B-F C-D D-E E-F F-A 
B-F C-F D-E E-F F-A 
